Microchip MPLAB XC8 Compiler V1.34 ()

Linker command line:

--edf=/opt/microchip/xc8/v1.34/dat/en_msgs.txt -cs \
  -h+dist/default/debug/Lab2_PicComms.X.debug.sym \
  --cmf=dist/default/debug/Lab2_PicComms.X.debug.cmf -z -Q16F688 \
  -o/tmp/cgtlvFAGd -Mdist/default/debug/Lab2_PicComms.X.debug.map -E1 \
  -ver=XC8 -ASTACK=0A0h-0efh -pstack=STACK -ACODE=00h-07FFhx2 \
  -ASTRCODE=00h-0FFFh -ASTRING=00h-0FFhx16 -ACONST=00h-0FFhx16 \
  -AENTRY=00h-0FFhx16 -ACOMMON=070h-07Fh -ABANK0=020h-06Fh \
  -ABANK1=0A0h-0EFh -ABANK2=0120h-016Fh \
  -ARAM=020h-06Fh,0A0h-0EFh,0120h-016Fh \
  -AABS1=020h-07Fh,0A0h-0EFh,0120h-016Fh -ASFR0=00h-01Fh -ASFR1=080h-09Fh \
  -ASFR2=0100h-011Fh -ASFR3=0180h-01EFh \
  -preset_vec=00h,intentry=04h,init,end_init -ppowerup=CODE -pcinit=CODE \
  -pfunctab=CODE -ACONFIG=02007h-02007h -pconfig=CONFIG -DCONFIG=2 \
  -AIDLOC=02000h-02003h -pidloc=IDLOC -DIDLOC=2 -AEEDATA=00h-0FFh/02100h \
  -peeprom_data=EEDATA -DEEDATA=2 -DCODE=2 -DSTRCODE=2 -DSTRING=2 -DCONST=2 \
  -DENTRY=2 -k /tmp/cgtWmkkez.obj \
  dist/default/debug/Lab2_PicComms.X.debug.obj 

Object code version is 3.11

Machine type is 16F688



                Name                               Link     Load   Length Selector   Space Scale
/tmp/cgtWmkkez.obj
                end_init                             11       11        2        8       0
                reset_vec                             0        0        2        0       0
dist/default/debug/Lab2_PicComms.X.debug.obj
                cinit                                13       13        4        8       0
                intentry                              4        4        D        8       0
                text5                                C0       C0       1D        8       0
                text4                                E2       E2        5        8       0
                text3                                7E       7E       23        8       0
                text2                                DD       DD        5        8       0
                text1                                A1       A1       1F        8       0
                maintext                             17       17       67        8       0
                cstackBANK0                          20       20        4       20       1
                cstackCOMMON                         70       70        7       70       1
                bssCOMMON                            77       77        1       70       1

TOTAL           Name                               Link     Load   Length     Space
        CLASS   STACK          

        CLASS   CODE           
                end_init                             11       11        2         0
                cinit                                13       13        4         0
                intentry                              4        4        D         0
                reset_vec                             0        0        2         0
                text5                                C0       C0       1D         0
                text4                                E2       E2        5         0
                text3                                7E       7E       23         0
                text2                                DD       DD        5         0
                text1                                A1       A1       1F         0
                maintext                             17       17       67         0

        CLASS   STRCODE        

        CLASS   STRING         

        CLASS   CONST          

        CLASS   ENTRY          

        CLASS   COMMON         
                cstackCOMMON                         70       70        7         1
                bssCOMMON                            77       77        1         1

        CLASS   BANK0          
                cstackBANK0                          20       20        4         1

        CLASS   BANK1          

        CLASS   BANK2          

        CLASS   RAM            

        CLASS   ABS1           
                abs_s1                               7E       7E        2         1

        CLASS   SFR0           

        CLASS   SFR1           

        CLASS   SFR2           

        CLASS   SFR3           

        CLASS   CONFIG         

        CLASS   IDLOC          

        CLASS   EEDATA         

        CLASS   BANK3          



SEGMENTS        Name                           Load    Length   Top    Selector   Space  Class     Delta

                reset_vec                      000000  000002  000002         0       0  CODE        2
                intentry                       000004  0000E3  0000E7         8       0  CODE        2
                cstackBANK0                    000020  000004  000024        20       1  BANK0       1
                cstackCOMMON                   000070  000008  000078        70       1  COMMON      1


UNUSED ADDRESS RANGES

        Name                Unused          Largest block    Delta
        BANK0            024-06F            4C           1
        BANK1            0A0-0EF            50           1
        BANK2            120-16F            50           1
        CODE             002-003             2           2
                         0E7-FFF           719
        COMMON           078-07D             6           1
        CONFIG           2007-2007             1           2
        CONST            002-003             2           2
                         0E7-FFF           100
        EEDATA           2100-21FF           100           2
        ENTRY            002-003             2           2
                         0E7-FFF           100
        IDLOC            2000-2003             4           2
        RAM              024-06F            4C           1
                         0A0-0EF            50
                         120-16F            50
        SFR0             000-01F            20           1
        SFR1             080-09F            20           1
        SFR2             100-11F            20           1
        SFR3             180-1EF            70           1
        STACK            0A0-0EF            50           1
        STRCODE          002-003             2           2
                         0E7-FFF           F19
        STRING           002-003             2           2
                         0E7-FFF           100

                                  Symbol Table

ISR@darkness             cstackCOMMON 075
_ADCON0                  (abs)        01F
_ADCON1                  (abs)        09F
_ADIF                    (abs)        066
_ADRESH                  (abs)        01E
_ADRESL                  (abs)        09E
_ANSEL                   (abs)        091
_GO                      (abs)        0F9
_INTCON                  (abs)        00B
_ISR                     text5        0C0
_PIE1                    (abs)        08C
_PORTC                   (abs)        007
_RA2                     (abs)        02A
_RC0                     (abs)        038
_TRISA                   (abs)        085
_TRISC                   (abs)        087
__Habs1                  abs1         000
__Hbank0                 bank0        000
__Hbank1                 bank1        000
__Hbank2                 bank2        000
__Hbank3                 bank3        000
__HbssCOMMON             bssCOMMON    000
__Hcinit                 cinit        017
__Hclrtext               clrtext      000
__Hcode                  code         000
__Hcommon                common       000
__Hconfig                config       000
__HcstackBANK0           cstackBANK0  000
__HcstackCOMMON          cstackCOMMON 000
__Heeprom_data           eeprom_data  000
__Hend_init              end_init     013
__Hfunctab               functab      000
__Hidloc                 idloc        000
__Hinit                  init         011
__Hintentry              intentry     011
__Hmaintext              maintext     000
__Hpowerup               powerup      000
__Hram                   ram          000
__Hreset_vec             reset_vec    002
__Hsfr0                  sfr0         000
__Hsfr1                  sfr1         000
__Hsfr2                  sfr2         000
__Hsfr3                  sfr3         000
__Hspace_0               (abs)        0E7
__Hspace_1               (abs)        078
__Hspace_2               (abs)        000
__Hspace_3               (abs)        000
__Hstack                 stack        000
__Hstrings               strings      000
__Htext                  text         000
__Labs1                  abs1         000
__Lbank0                 bank0        000
__Lbank1                 bank1        000
__Lbank2                 bank2        000
__Lbank3                 bank3        000
__LbssCOMMON             bssCOMMON    000
__Lcinit                 cinit        013
__Lclrtext               clrtext      000
__Lcode                  code         000
__Lcommon                common       000
__Lconfig                config       000
__LcstackBANK0           cstackBANK0  000
__LcstackCOMMON          cstackCOMMON 000
__Leeprom_data           eeprom_data  000
__Lend_init              end_init     011
__Lfunctab               functab      000
__Lidloc                 idloc        000
__Linit                  init         011
__Lintentry              intentry     004
__Lmaintext              maintext     000
__Lpowerup               powerup      000
__Lram                   ram          000
__Lreset_vec             reset_vec    000
__Lsfr0                  sfr0         000
__Lsfr1                  sfr1         000
__Lsfr2                  sfr2         000
__Lsfr3                  sfr3         000
__Lspace_0               (abs)        000
__Lspace_1               (abs)        000
__Lspace_2               (abs)        000
__Lspace_3               (abs)        000
__Lstack                 stack        000
__Lstrings               strings      000
__Ltext                  text         000
__S0                     (abs)        0E7
__S1                     (abs)        078
__S2                     (abs)        000
__S3                     (abs)        000
___int_sp                stack        000
___latbits               (abs)        001
___sp                    stack        000
__end_of_ISR             text5        0DD
__end_of__initialization cinit        014
__end_of_main            maintext     07E
__end_of_receive_msg     text3        0A1
__end_of_send_message    text1        0C0
__end_of_set_receive     text4        0E7
__end_of_set_send        text2        0E2
__initialization         cinit        013
__pbssCOMMON             bssCOMMON    077
__pcstackBANK0           cstackBANK0  020
__pcstackCOMMON          cstackCOMMON 070
__pintentry              intentry     004
__pmaintext              maintext     017
__ptext0                 text0        000
__ptext1                 text1        0A1
__ptext2                 text2        0DD
__ptext3                 text3        07E
__ptext4                 text4        0E2
__ptext5                 text5        0C0
__size_of_ISR            (abs)        000
__size_of_main           (abs)        000
__size_of_receive_msg    (abs)        000
__size_of_send_message   (abs)        000
__size_of_set_receive    (abs)        000
__size_of_set_send       (abs)        000
_always_on               bssCOMMON    077
_main                    maintext     017
_receive_msg             text3        07E
_send_message            text1        0A1
_set_receive             text4        0E2
_set_send                text2        0DD
btemp                    (abs)        07E
end_of_initialization    cinit        014
interrupt_function       intentry     004
intlevel0                functab      000
intlevel1                functab      000
intlevel2                functab      000
intlevel3                functab      000
intlevel4                functab      000
intlevel5                functab      000
ltemp                    (abs)        07E
ltemp0                   (abs)        07E
ltemp1                   (abs)        082
ltemp2                   (abs)        086
ltemp3                   (abs)        080
main@msg                 cstackBANK0  023
receive_msg@msg          cstackCOMMON 076
reset_vec                reset_vec    000
saved_w                  (abs)        07E
send_message@msg         cstackCOMMON 076
stackhi                  (abs)        000
stacklo                  (abs)        000
start                    init         011
start_initialization     cinit        013
ttemp                    (abs)        07E
ttemp0                   (abs)        07E
ttemp1                   (abs)        081
ttemp2                   (abs)        084
ttemp3                   (abs)        087
ttemp4                   (abs)        07F
wtemp                    (abs)        07E
wtemp0                   (abs)        07E
wtemp1                   (abs)        080
wtemp2                   (abs)        082
wtemp3                   (abs)        084
wtemp4                   (abs)        086
wtemp5                   (abs)        088
wtemp6                   (abs)        07F


FUNCTION INFORMATION:

 *************** function _main *****************
 Defined at:
		line 109 in file "main.c"
 Parameters:    Size  Location     Type
		None
 Auto vars:     Size  Location     Type
  msg             1    3[BANK0 ] struct .
 Return value:  Size  Location     Type
                  2   65[None  ] int 
 Registers used:
		wreg, fsr0l, fsr0h, status,2, status,0, pclath, cstack
 Tracked objects:
		On entry : 
		On exit  : 
		Unchanged: 
 Data sizes:     COMMON   BANK0   BANK1   BANK2
      Params:         0       0       0       0
      Locals:         0       1       0       0
      Temps:          0       1       0       0
      Totals:         0       2       0       0
Total ram usage:        2 bytes
 Hardware stack levels required when called:    3
 This function calls:
		_receive_msg
		_send_message
 This function is called by:
		Startup code after reset
 This function uses a non-reentrant model


 *************** function _send_message *****************
 Defined at:
		line 93 in file "main.c"
 Parameters:    Size  Location     Type
  msg             1    wreg     struct .
 Auto vars:     Size  Location     Type
  msg             1    6[COMMON] struct .
 Return value:  Size  Location     Type
		None               void
 Registers used:
		wreg, status,2, status,0, pclath, cstack
 Tracked objects:
		On entry : 
		On exit  : 
		Unchanged: 
 Data sizes:     COMMON   BANK0   BANK1   BANK2
      Params:         0       0       0       0
      Locals:         1       0       0       0
      Temps:          0       2       0       0
      Totals:         1       2       0       0
Total ram usage:        3 bytes
 Hardware stack levels used:    1
 Hardware stack levels required when called:    2
 This function calls:
		_set_receive
		_set_send
 This function is called by:
		_main
 This function uses a non-reentrant model


 *************** function _set_send *****************
 Defined at:
		line 68 in file "main.c"
 Parameters:    Size  Location     Type
		None
 Auto vars:     Size  Location     Type
		None
 Return value:  Size  Location     Type
		None               void
 Registers used:
		wreg
 Tracked objects:
		On entry : 
		On exit  : 
		Unchanged: 
 Data sizes:     COMMON   BANK0   BANK1   BANK2
      Params:         0       0       0       0
      Locals:         0       0       0       0
      Temps:          0       0       0       0
      Totals:         0       0       0       0
Total ram usage:        0 bytes
 Hardware stack levels used:    1
 Hardware stack levels required when called:    1
 This function calls:
		Nothing
 This function is called by:
		_send_message
 This function uses a non-reentrant model


 *************** function _receive_msg *****************
 Defined at:
		line 81 in file "main.c"
 Parameters:    Size  Location     Type
		None
 Auto vars:     Size  Location     Type
  msg             1    6[COMMON] struct .
 Return value:  Size  Location     Type
                  1    wreg      struct .
 Registers used:
		wreg, status,2, status,0, pclath, cstack
 Tracked objects:
		On entry : 
		On exit  : 
		Unchanged: 
 Data sizes:     COMMON   BANK0   BANK1   BANK2
      Params:         0       0       0       0
      Locals:         1       0       0       0
      Temps:          0       2       0       0
      Totals:         1       2       0       0
Total ram usage:        3 bytes
 Hardware stack levels used:    1
 Hardware stack levels required when called:    2
 This function calls:
		_set_receive
 This function is called by:
		_main
 This function uses a non-reentrant model


 *************** function _set_receive *****************
 Defined at:
		line 49 in file "main.c"
 Parameters:    Size  Location     Type
		None
 Auto vars:     Size  Location     Type
		None
 Return value:  Size  Location     Type
		None               void
 Registers used:
		wreg
 Tracked objects:
		On entry : 
		On exit  : 
		Unchanged: 
 Data sizes:     COMMON   BANK0   BANK1   BANK2
      Params:         0       0       0       0
      Locals:         0       0       0       0
      Temps:          0       0       0       0
      Totals:         0       0       0       0
Total ram usage:        0 bytes
 Hardware stack levels used:    1
 Hardware stack levels required when called:    1
 This function calls:
		Nothing
 This function is called by:
		_receive_msg
		_send_message
		_set_strobe_input
 This function uses a non-reentrant model


 *************** function _ISR *****************
 Defined at:
		line 158 in file "main.c"
 Parameters:    Size  Location     Type
		None
 Auto vars:     Size  Location     Type
  darkness        1    5[COMMON] unsigned char 
 Return value:  Size  Location     Type
		None               void
 Registers used:
		wreg, status,2, status,0
 Tracked objects:
		On entry : 
		On exit  : 
		Unchanged: 
 Data sizes:     COMMON   BANK0   BANK1   BANK2
      Params:         0       0       0       0
      Locals:         1       0       0       0
      Temps:          5       0       0       0
      Totals:         6       0       0       0
Total ram usage:        6 bytes
 Hardware stack levels used:    1
 This function calls:
		Nothing
 This function is called by:
		Interrupt level 1
 This function uses a non-reentrant model



MODULE INFORMATION

Module		Function		Class		Link	Load	Size
shared
		__initializatio		CODE           	0013	0000	2

shared estimated size: 2

main.c
		_set_receive   		CODE           	00E2	0000	6
		_ISR           		CODE           	00C0	0000	30
		_send_message  		CODE           	00A1	0000	32
		_main          		CODE           	0017	0000	104
		_receive_msg   		CODE           	007E	0000	36
		_set_send      		CODE           	00DD	0000	6

main.c estimated size: 214

